###############################################################################
#                                                                             #
# IAR ELF Linker V6.10.1.52143/W32 for ARM              22/May/2023  14:41:43 #
# Copyright 2007-2010 IAR Systems AB.                                         #
#                                                                             #
#    Output file  =  E:\rollerconveyor\rollerconveyerv1.0.0.2\EXP_TRANSFER_LO #
#                    AD_CTRL_V1.0.0.1\Project\EWARMv5\STM3210C-EVAL\Exe\STM32 #
#                    10C-EVAL.out                                             #
#    Map file     =  E:\rollerconveyor\rollerconveyerv1.0.0.2\EXP_TRANSFER_LO #
#                    AD_CTRL_V1.0.0.1\Project\EWARMv5\STM3210C-EVAL\List\STM3 #
#                    210C-EVAL.map                                            #
#    Command line =  E:\rollerconveyor\rollerconveyerv1.0.0.2\EXP_TRANSFER_LO #
#                    AD_CTRL_V1.0.0.1\Project\EWARMv5\STM3210C-EVAL\Obj\api_l #
#                    ib.o E:\rollerconveyor\rollerconveyerv1.0.0.2\EXP_TRANSF #
#                    ER_LOAD_CTRL_V1.0.0.1\Project\EWARMv5\STM3210C-EVAL\Obj\ #
#                    api_msg.o E:\rollerconveyor\rollerconveyerv1.0.0.2\EXP_T #
#                    RANSFER_LOAD_CTRL_V1.0.0.1\Project\EWARMv5\STM3210C-EVAL #
#                    \Obj\autoip.o E:\rollerconveyor\rollerconveyerv1.0.0.2\E #
#                    XP_TRANSFER_LOAD_CTRL_V1.0.0.1\Project\EWARMv5\STM3210C- #
#                    EVAL\Obj\can_bus.o E:\rollerconveyor\rollerconveyerv1.0. #
#                    0.2\EXP_TRANSFER_LOAD_CTRL_V1.0.0.1\Project\EWARMv5\STM3 #
#                    210C-EVAL\Obj\core_cm3.o E:\rollerconveyor\rollerconveye #
#                    rv1.0.0.2\EXP_TRANSFER_LOAD_CTRL_V1.0.0.1\Project\EWARMv #
#                    5\STM3210C-EVAL\Obj\dhcp.o E:\rollerconveyor\rollerconve #
#                    yerv1.0.0.2\EXP_TRANSFER_LOAD_CTRL_V1.0.0.1\Project\EWAR #
#                    Mv5\STM3210C-EVAL\Obj\err.o                              #
#                    E:\rollerconveyor\rollerconveyerv1.0.0.2\EXP_TRANSFER_LO #
#                    AD_CTRL_V1.0.0.1\Project\EWARMv5\STM3210C-EVAL\Obj\ethar #
#                    p.o E:\rollerconveyor\rollerconveyerv1.0.0.2\EXP_TRANSFE #
#                    R_LOAD_CTRL_V1.0.0.1\Project\EWARMv5\STM3210C-EVAL\Obj\e #
#                    thernetif.o E:\rollerconveyor\rollerconveyerv1.0.0.2\EXP #
#                    _TRANSFER_LOAD_CTRL_V1.0.0.1\Project\EWARMv5\STM3210C-EV #
#                    AL\Obj\icmp.o E:\rollerconveyor\rollerconveyerv1.0.0.2\E #
#                    XP_TRANSFER_LOAD_CTRL_V1.0.0.1\Project\EWARMv5\STM3210C- #
#                    EVAL\Obj\igmp.o E:\rollerconveyor\rollerconveyerv1.0.0.2 #
#                    \EXP_TRANSFER_LOAD_CTRL_V1.0.0.1\Project\EWARMv5\STM3210 #
#                    C-EVAL\Obj\inet.o E:\rollerconveyor\rollerconveyerv1.0.0 #
#                    .2\EXP_TRANSFER_LOAD_CTRL_V1.0.0.1\Project\EWARMv5\STM32 #
#                    10C-EVAL\Obj\inet_chksum.o E:\rollerconveyor\rollerconve #
#                    yerv1.0.0.2\EXP_TRANSFER_LOAD_CTRL_V1.0.0.1\Project\EWAR #
#                    Mv5\STM3210C-EVAL\Obj\init.o                             #
#                    E:\rollerconveyor\rollerconveyerv1.0.0.2\EXP_TRANSFER_LO #
#                    AD_CTRL_V1.0.0.1\Project\EWARMv5\STM3210C-EVAL\Obj\ip.o  #
#                    E:\rollerconveyor\rollerconveyerv1.0.0.2\EXP_TRANSFER_LO #
#                    AD_CTRL_V1.0.0.1\Project\EWARMv5\STM3210C-EVAL\Obj\ip_ad #
#                    dr.o E:\rollerconveyor\rollerconveyerv1.0.0.2\EXP_TRANSF #
#                    ER_LOAD_CTRL_V1.0.0.1\Project\EWARMv5\STM3210C-EVAL\Obj\ #
#                    ip_frag.o E:\rollerconveyor\rollerconveyerv1.0.0.2\EXP_T #
#                    RANSFER_LOAD_CTRL_V1.0.0.1\Project\EWARMv5\STM3210C-EVAL #
#                    \Obj\logic_ctrl.o E:\rollerconveyor\rollerconveyerv1.0.0 #
#                    .2\EXP_TRANSFER_LOAD_CTRL_V1.0.0.1\Project\EWARMv5\STM32 #
#                    10C-EVAL\Obj\main.o E:\rollerconveyor\rollerconveyerv1.0 #
#                    .0.2\EXP_TRANSFER_LOAD_CTRL_V1.0.0.1\Project\EWARMv5\STM #
#                    3210C-EVAL\Obj\mem.o E:\rollerconveyor\rollerconveyerv1. #
#                    0.0.2\EXP_TRANSFER_LOAD_CTRL_V1.0.0.1\Project\EWARMv5\ST #
#                    M3210C-EVAL\Obj\memp.o E:\rollerconveyor\rollerconveyerv #
#                    1.0.0.2\EXP_TRANSFER_LOAD_CTRL_V1.0.0.1\Project\EWARMv5\ #
#                    STM3210C-EVAL\Obj\misc.o E:\rollerconveyor\rollerconveye #
#                    rv1.0.0.2\EXP_TRANSFER_LOAD_CTRL_V1.0.0.1\Project\EWARMv #
#                    5\STM3210C-EVAL\Obj\netbuf.o                             #
#                    E:\rollerconveyor\rollerconveyerv1.0.0.2\EXP_TRANSFER_LO #
#                    AD_CTRL_V1.0.0.1\Project\EWARMv5\STM3210C-EVAL\Obj\netco #
#                    nf.o E:\rollerconveyor\rollerconveyerv1.0.0.2\EXP_TRANSF #
#                    ER_LOAD_CTRL_V1.0.0.1\Project\EWARMv5\STM3210C-EVAL\Obj\ #
#                    netdb.o E:\rollerconveyor\rollerconveyerv1.0.0.2\EXP_TRA #
#                    NSFER_LOAD_CTRL_V1.0.0.1\Project\EWARMv5\STM3210C-EVAL\O #
#                    bj\netif.o E:\rollerconveyor\rollerconveyerv1.0.0.2\EXP_ #
#                    TRANSFER_LOAD_CTRL_V1.0.0.1\Project\EWARMv5\STM3210C-EVA #
#                    L\Obj\netifapi.o E:\rollerconveyor\rollerconveyerv1.0.0. #
#                    2\EXP_TRANSFER_LOAD_CTRL_V1.0.0.1\Project\EWARMv5\STM321 #
#                    0C-EVAL\Obj\pbuf.o E:\rollerconveyor\rollerconveyerv1.0. #
#                    0.2\EXP_TRANSFER_LOAD_CTRL_V1.0.0.1\Project\EWARMv5\STM3 #
#                    210C-EVAL\Obj\raw.o E:\rollerconveyor\rollerconveyerv1.0 #
#                    .0.2\EXP_TRANSFER_LOAD_CTRL_V1.0.0.1\Project\EWARMv5\STM #
#                    3210C-EVAL\Obj\startup_stm32f10x_cl.o                    #
#                    E:\rollerconveyor\rollerconveyerv1.0.0.2\EXP_TRANSFER_LO #
#                    AD_CTRL_V1.0.0.1\Project\EWARMv5\STM3210C-EVAL\Obj\stats #
#                    .o E:\rollerconveyor\rollerconveyerv1.0.0.2\EXP_TRANSFER #
#                    _LOAD_CTRL_V1.0.0.1\Project\EWARMv5\STM3210C-EVAL\Obj\st #
#                    m32_eth.o E:\rollerconveyor\rollerconveyerv1.0.0.2\EXP_T #
#                    RANSFER_LOAD_CTRL_V1.0.0.1\Project\EWARMv5\STM3210C-EVAL #
#                    \Obj\stm32f107.o E:\rollerconveyor\rollerconveyerv1.0.0. #
#                    2\EXP_TRANSFER_LOAD_CTRL_V1.0.0.1\Project\EWARMv5\STM321 #
#                    0C-EVAL\Obj\stm32f10x_adc.o                              #
#                    E:\rollerconveyor\rollerconveyerv1.0.0.2\EXP_TRANSFER_LO #
#                    AD_CTRL_V1.0.0.1\Project\EWARMv5\STM3210C-EVAL\Obj\stm32 #
#                    f10x_bkp.o E:\rollerconveyor\rollerconveyerv1.0.0.2\EXP_ #
#                    TRANSFER_LOAD_CTRL_V1.0.0.1\Project\EWARMv5\STM3210C-EVA #
#                    L\Obj\stm32f10x_can.o E:\rollerconveyor\rollerconveyerv1 #
#                    .0.0.2\EXP_TRANSFER_LOAD_CTRL_V1.0.0.1\Project\EWARMv5\S #
#                    TM3210C-EVAL\Obj\stm32f10x_dma.o                         #
#                    E:\rollerconveyor\rollerconveyerv1.0.0.2\EXP_TRANSFER_LO #
#                    AD_CTRL_V1.0.0.1\Project\EWARMv5\STM3210C-EVAL\Obj\stm32 #
#                    f10x_exti.o E:\rollerconveyor\rollerconveyerv1.0.0.2\EXP #
#                    _TRANSFER_LOAD_CTRL_V1.0.0.1\Project\EWARMv5\STM3210C-EV #
#                    AL\Obj\stm32f10x_flash.o E:\rollerconveyor\rollerconveye #
#                    rv1.0.0.2\EXP_TRANSFER_LOAD_CTRL_V1.0.0.1\Project\EWARMv #
#                    5\STM3210C-EVAL\Obj\stm32f10x_gpio.o                     #
#                    E:\rollerconveyor\rollerconveyerv1.0.0.2\EXP_TRANSFER_LO #
#                    AD_CTRL_V1.0.0.1\Project\EWARMv5\STM3210C-EVAL\Obj\stm32 #
#                    f10x_i2c.o E:\rollerconveyor\rollerconveyerv1.0.0.2\EXP_ #
#                    TRANSFER_LOAD_CTRL_V1.0.0.1\Project\EWARMv5\STM3210C-EVA #
#                    L\Obj\stm32f10x_it.o E:\rollerconveyor\rollerconveyerv1. #
#                    0.0.2\EXP_TRANSFER_LOAD_CTRL_V1.0.0.1\Project\EWARMv5\ST #
#                    M3210C-EVAL\Obj\stm32f10x_pwr.o                          #
#                    E:\rollerconveyor\rollerconveyerv1.0.0.2\EXP_TRANSFER_LO #
#                    AD_CTRL_V1.0.0.1\Project\EWARMv5\STM3210C-EVAL\Obj\stm32 #
#                    f10x_rcc.o E:\rollerconveyor\rollerconveyerv1.0.0.2\EXP_ #
#                    TRANSFER_LOAD_CTRL_V1.0.0.1\Project\EWARMv5\STM3210C-EVA #
#                    L\Obj\stm32f10x_rtc.o E:\rollerconveyor\rollerconveyerv1 #
#                    .0.0.2\EXP_TRANSFER_LOAD_CTRL_V1.0.0.1\Project\EWARMv5\S #
#                    TM3210C-EVAL\Obj\stm32f10x_spi.o                         #
#                    E:\rollerconveyor\rollerconveyerv1.0.0.2\EXP_TRANSFER_LO #
#                    AD_CTRL_V1.0.0.1\Project\EWARMv5\STM3210C-EVAL\Obj\stm32 #
#                    f10x_tim.o E:\rollerconveyor\rollerconveyerv1.0.0.2\EXP_ #
#                    TRANSFER_LOAD_CTRL_V1.0.0.1\Project\EWARMv5\STM3210C-EVA #
#                    L\Obj\stm32f10x_usart.o E:\rollerconveyor\rollerconveyer #
#                    v1.0.0.2\EXP_TRANSFER_LOAD_CTRL_V1.0.0.1\Project\EWARMv5 #
#                    \STM3210C-EVAL\Obj\sys.o E:\rollerconveyor\rollerconveye #
#                    rv1.0.0.2\EXP_TRANSFER_LOAD_CTRL_V1.0.0.1\Project\EWARMv #
#                    5\STM3210C-EVAL\Obj\system_stm32f10x.o                   #
#                    E:\rollerconveyor\rollerconveyerv1.0.0.2\EXP_TRANSFER_LO #
#                    AD_CTRL_V1.0.0.1\Project\EWARMv5\STM3210C-EVAL\Obj\tcp.o #
#                     E:\rollerconveyor\rollerconveyerv1.0.0.2\EXP_TRANSFER_L #
#                    OAD_CTRL_V1.0.0.1\Project\EWARMv5\STM3210C-EVAL\Obj\tcp_ #
#                    in.o E:\rollerconveyor\rollerconveyerv1.0.0.2\EXP_TRANSF #
#                    ER_LOAD_CTRL_V1.0.0.1\Project\EWARMv5\STM3210C-EVAL\Obj\ #
#                    tcp_out.o E:\rollerconveyor\rollerconveyerv1.0.0.2\EXP_T #
#                    RANSFER_LOAD_CTRL_V1.0.0.1\Project\EWARMv5\STM3210C-EVAL #
#                    \Obj\tcpip.o E:\rollerconveyor\rollerconveyerv1.0.0.2\EX #
#                    P_TRANSFER_LOAD_CTRL_V1.0.0.1\Project\EWARMv5\STM3210C-E #
#                    VAL\Obj\udp.o -o E:\rollerconveyor\rollerconveyerv1.0.0. #
#                    2\EXP_TRANSFER_LOAD_CTRL_V1.0.0.1\Project\EWARMv5\STM321 #
#                    0C-EVAL\Exe\STM3210C-EVAL.out --map                      #
#                    E:\rollerconveyor\rollerconveyerv1.0.0.2\EXP_TRANSFER_LO #
#                    AD_CTRL_V1.0.0.1\Project\EWARMv5\STM3210C-EVAL\List\STM3 #
#                    210C-EVAL.map --config E:\rollerconveyor\rollerconveyerv #
#                    1.0.0.2\EXP_TRANSFER_LOAD_CTRL_V1.0.0.1\Project\EWARMv5\ #
#                    STM32F10x_FLASH.icf --semihosting --entry                #
#                    __iar_program_start                                      #
#                                                                             #
#                                                                             #
###############################################################################

*******************************************************************************
*** RUNTIME MODEL ATTRIBUTES
***

CppFlavor       = *
__SystemLibrary = DLib


*******************************************************************************
*** PLACEMENT SUMMARY
***

"A1":  place at 0x08000000 { ro section .intvec };
"P1":  place in [from 0x08008000 to 0x0803ffff] { ro };
"P2":  place in [from 0x20000000 to 0x2000ffff] { rw, block CSTACK, block HEAP };

  Section            Kind        Address    Size  Object
  -------            ----        -------    ----  ------
"A1":                                      0x150
  .intvec            ro code  0x08000000   0x150  startup_stm32f10x_cl.o [1]
                            - 0x08000150   0x150

"P1":                                     0x33c0
  .text              ro code  0x08008000  0x10ac  logic_ctrl.o [1]
  .text              ro code  0x080090ac   0x184  stm32f10x_gpio.o [1]
  .text              ro code  0x08009230     0x6  ABImemclr4.o [4]
  .text              ro code  0x08009236    0x2e  copy_init3.o [4]
  .text              ro code  0x08009264   0x3cc  can_bus.o [1]
  .text              ro code  0x08009630    0x38  ABImemset48.o [4]
  .text              ro code  0x08009668    0x70  ABImemcpy.o [4]
  .text              ro code  0x080096d8     0xe  tcp_out.o [1]
  .text              ro code  0x080096e6    0x22  zero_init3.o [4]
  .text              ro code  0x08009708   0x526  stm32f10x_can.o [1]
  .text              ro code  0x08009c30   0x1b8  stm32f10x_rcc.o [1]
  .text              ro code  0x08009de8   0x5a4  stm32f107.o [1]
  .text              ro code  0x0800a38c   0x176  stm32f10x_usart.o [1]
  .text              ro code  0x0800a504   0x26e  stm32f10x_tim.o [1]
  .text              ro code  0x0800a774   0x198  system_stm32f10x.o [1]
  .text              ro code  0x0800a90c     0xc  stm32f10x_pwr.o [1]
  .text              ro code  0x0800a918    0x98  misc.o [1]
  .text              ro code  0x0800a9b0   0x222  pbuf.o [1]
  .text              ro code  0x0800abd4    0x5c  memp.o [1]
  .text              ro code  0x0800ac30   0x208  mem.o [1]
  .text              ro code  0x0800ae38   0x1b8  main.o [1]
  .text              ro code  0x0800aff0   0x120  ethernetif.o [1]
  .text              ro code  0x0800b110    0x88  stm32f10x_it.o [1]
  .text              ro code  0x0800b198    0x10  netconf.o [1]
  .text              ro code  0x0800b1a8    0x44  stm32_eth.o [1]
  .text              ro code  0x0800b1ec    0x2c  data_init3.o [4]
  .iar.init_table    const    0x0800b218    0x24  - Linker created -
  .text              ro code  0x0800b23c    0x16  cmain.o [4]
  .text              ro code  0x0800b252     0x4  low_level_init.o [3]
  .text              ro code  0x0800b256     0x8  exit.o [3]
  .text              ro code  0x0800b260     0xa  cexit.o [4]
  .text              ro code  0x0800b26c    0x14  exit.o [5]
  .text              ro code  0x0800b280     0xc  cstartup_M.o [4]
  .text              ro code  0x0800b28c     0x4  startup_stm32f10x_cl.o [1]
  .text              ro code  0x0800b290     0x4  startup_stm32f10x_cl.o [1]
  .text              ro code  0x0800b294     0x4  startup_stm32f10x_cl.o [1]
  .text              ro code  0x0800b298     0x4  startup_stm32f10x_cl.o [1]
  .text              ro code  0x0800b29c     0x4  startup_stm32f10x_cl.o [1]
  .text              ro code  0x0800b2a0     0x4  startup_stm32f10x_cl.o [1]
  .text              ro code  0x0800b2a4     0x4  startup_stm32f10x_cl.o [1]
  .text              ro code  0x0800b2a8     0x4  startup_stm32f10x_cl.o [1]
  .text              ro code  0x0800b2ac     0x4  startup_stm32f10x_cl.o [1]
  .text              ro code  0x0800b2b0     0x4  startup_stm32f10x_cl.o [1]
  .text              ro code  0x0800b2b4     0x4  startup_stm32f10x_cl.o [1]
  .text              ro code  0x0800b2b8     0x4  startup_stm32f10x_cl.o [1]
  .text              ro code  0x0800b2bc     0x4  startup_stm32f10x_cl.o [1]
  .text              ro code  0x0800b2c0     0x4  startup_stm32f10x_cl.o [1]
  .text              ro code  0x0800b2c4     0x4  startup_stm32f10x_cl.o [1]
  .text              ro code  0x0800b2c8     0x4  startup_stm32f10x_cl.o [1]
  .text              ro code  0x0800b2cc     0x4  startup_stm32f10x_cl.o [1]
  .text              ro code  0x0800b2d0     0x4  startup_stm32f10x_cl.o [1]
  .text              ro code  0x0800b2d4     0x4  startup_stm32f10x_cl.o [1]
  .text              ro code  0x0800b2d8     0x4  startup_stm32f10x_cl.o [1]
  .text              ro code  0x0800b2dc     0x4  startup_stm32f10x_cl.o [1]
  .text              ro code  0x0800b2e0     0x4  startup_stm32f10x_cl.o [1]
  .text              ro code  0x0800b2e4     0x4  startup_stm32f10x_cl.o [1]
  .text              ro code  0x0800b2e8     0x4  startup_stm32f10x_cl.o [1]
  .text              ro code  0x0800b2ec     0x4  startup_stm32f10x_cl.o [1]
  .text              ro code  0x0800b2f0     0x4  startup_stm32f10x_cl.o [1]
  .text              ro code  0x0800b2f4     0x4  startup_stm32f10x_cl.o [1]
  .text              ro code  0x0800b2f8     0x4  startup_stm32f10x_cl.o [1]
  .text              ro code  0x0800b2fc     0x4  startup_stm32f10x_cl.o [1]
  .text              ro code  0x0800b300     0x4  startup_stm32f10x_cl.o [1]
  .text              ro code  0x0800b304     0x4  startup_stm32f10x_cl.o [1]
  .text              ro code  0x0800b308     0x4  startup_stm32f10x_cl.o [1]
  .text              ro code  0x0800b30c     0x4  startup_stm32f10x_cl.o [1]
  .text              ro code  0x0800b310     0x4  startup_stm32f10x_cl.o [1]
  .text              ro code  0x0800b314     0x4  startup_stm32f10x_cl.o [1]
  .text              ro code  0x0800b318     0x4  startup_stm32f10x_cl.o [1]
  .text              ro code  0x0800b31c     0x4  startup_stm32f10x_cl.o [1]
  .text              ro code  0x0800b320     0x4  startup_stm32f10x_cl.o [1]
  .text              ro code  0x0800b324     0x4  startup_stm32f10x_cl.o [1]
  .text              ro code  0x0800b328     0x4  startup_stm32f10x_cl.o [1]
  .text              ro code  0x0800b32c     0x4  startup_stm32f10x_cl.o [1]
  .text              ro code  0x0800b330     0x4  startup_stm32f10x_cl.o [1]
  .text              ro code  0x0800b334     0x4  startup_stm32f10x_cl.o [1]
  .text              ro code  0x0800b338     0x4  startup_stm32f10x_cl.o [1]
  .text              ro code  0x0800b33c     0x4  startup_stm32f10x_cl.o [1]
  .text              ro code  0x0800b340     0x4  startup_stm32f10x_cl.o [1]
  .text              ro code  0x0800b344     0x4  startup_stm32f10x_cl.o [1]
  .text              ro code  0x0800b348     0x4  startup_stm32f10x_cl.o [1]
  .text              ro code  0x0800b34c     0x4  startup_stm32f10x_cl.o [1]
  .text              ro code  0x0800b350     0x4  startup_stm32f10x_cl.o [1]
  .text              ro code  0x0800b354     0x4  startup_stm32f10x_cl.o [1]
  .text              ro code  0x0800b358     0x4  startup_stm32f10x_cl.o [1]
  .text              ro code  0x0800b35c     0x4  startup_stm32f10x_cl.o [1]
  .text              ro code  0x0800b360     0x4  startup_stm32f10x_cl.o [1]
  .text              ro code  0x0800b364     0x4  startup_stm32f10x_cl.o [1]
  .text              ro code  0x0800b368     0x4  startup_stm32f10x_cl.o [1]
  .text              ro code  0x0800b36c     0x4  startup_stm32f10x_cl.o [1]
  .text              ro code  0x0800b370     0x4  startup_stm32f10x_cl.o [1]
  .text              ro code  0x0800b374     0x4  startup_stm32f10x_cl.o [1]
  .text              ro code  0x0800b378     0x4  startup_stm32f10x_cl.o [1]
  .text              ro code  0x0800b37c     0x4  startup_stm32f10x_cl.o [1]
  .text              ro code  0x0800b380     0x4  startup_stm32f10x_cl.o [1]
  .text              ro code  0x0800b384     0x4  startup_stm32f10x_cl.o [1]
  .text              ro code  0x0800b388     0x4  startup_stm32f10x_cl.o [1]
  .text              ro code  0x0800b38c     0x4  startup_stm32f10x_cl.o [1]
  .text              ro code  0x0800b390     0x4  startup_stm32f10x_cl.o [1]
  .text              ro code  0x0800b394     0x4  startup_stm32f10x_cl.o [1]
  .text              ro code  0x0800b398     0x4  startup_stm32f10x_cl.o [1]
  .text              ro code  0x0800b39c     0x4  startup_stm32f10x_cl.o [1]
  .text              ro code  0x0800b3a0     0x4  startup_stm32f10x_cl.o [1]
  Initializer bytes  ro data  0x0800b3a4    0x1c  <for P2 s0>
                            - 0x0800b3c0  0x33c0

"P2", part 1 of 3:                          0x1c
  P2 s0                       0x20000000    0x1c  <Init block>
    .data            inited   0x20000000    0x10  stm32f10x_rcc.o [1]
    .data            inited   0x20000010     0x4  stm32f10x_rcc.o [1]
    .data            inited   0x20000014     0x2  logic_ctrl.o [1]
    .data            inited   0x20000016     0x2  main.o [1]
    .data            inited   0x20000018     0x1  logic_ctrl.o [1]
                            - 0x2000001c    0x1c

"P2", part 2 of 3:                         0x4e4
  .bss               zero     0x2000001c   0x2bc  can_bus.o [1]
  .bss               zero     0x200002d8   0x12c  can_bus.o [1]
  .bss               zero     0x20000404    0x30  netconf.o [1]
  .bss               zero     0x20000434    0x24  memp.o [1]
  .bss               zero     0x20000458    0x10  logic_ctrl.o [1]
  .bss               zero     0x20000468    0x10  logic_ctrl.o [1]
  .bss               zero     0x20000478    0x10  logic_ctrl.o [1]
  .bss               zero     0x20000488    0x10  logic_ctrl.o [1]
  .bss               zero     0x20000498    0x10  logic_ctrl.o [1]
  .bss               zero     0x200004a8    0x10  logic_ctrl.o [1]
  .bss               zero     0x200004b8     0xc  can_bus.o [1]
  .bss               zero     0x200004c4     0x8  logic_ctrl.o [1]
  .bss               zero     0x200004cc     0x8  logic_ctrl.o [1]
  .bss               zero     0x200004d4     0x4  logic_ctrl.o [1]
  .bss               zero     0x200004d8     0x4  main.o [1]
  .bss               zero     0x200004dc     0x4  mem.o [1]
  .bss               zero     0x200004e0     0x4  mem.o [1]
  .bss               zero     0x200004e4     0x4  mem.o [1]
  .bss               zero     0x200004e8     0x4  stm32_eth.o [1]
  .bss               zero     0x200004ec     0x2  can_bus.o [1]
  .bss               zero     0x200004ee     0x2  can_bus.o [1]
  .bss               zero     0x200004f0     0x2  logic_ctrl.o [1]
  .bss               zero     0x200004f2     0x2  logic_ctrl.o [1]
  .bss               zero     0x200004f4     0x2  main.o [1]
  .bss               zero     0x200004f6     0x2  main.o [1]
  .bss               zero     0x200004f8     0x1  can_bus.o [1]
  .bss               zero     0x200004f9     0x1  can_bus.o [1]
  .bss               zero     0x200004fa     0x1  logic_ctrl.o [1]
  .bss               zero     0x200004fb     0x1  logic_ctrl.o [1]
  .bss               zero     0x200004fc     0x1  logic_ctrl.o [1]
  .bss               zero     0x200004fd     0x1  main.o [1]
  .bss               zero     0x200004fe     0x1  main.o [1]
  .bss               zero     0x200004ff     0x1  main.o [1]
                            - 0x20000500   0x4e4

"P2", part 3 of 3:                        0x1000
  CSTACK                      0x20000500  0x1000  <Block>
    CSTACK           uninit   0x20000500  0x1000  <Block tail>
                            - 0x20001500  0x1000


*******************************************************************************
*** INIT TABLE
***

          Address     Size
          -------     ----
Zero (__iar_zero_init3)
    1 destination range, total size 0x4e4:
          0x2000001c  0x4e4

Copy (__iar_copy_init3)
    1 source range, total size 0x1c (112% of destination):
          0x0800b3a4   0x1c
    1 destination range, total size 0x19:
          0x20000000   0x19


*******************************************************************************
*** MODULE SUMMARY
***

    Module                  ro code  ro data  rw data
    ------                  -------  -------  -------
E:\rollerconveyor\rollerconveyerv1.0.0.2\EXP_TRANSFER_LOAD_CTRL_V1.0.0.1\Project\EWARMv5\STM3210C-EVAL\Obj: [1]
    can_bus.o                   972             1 018
    ethernetif.o                288
    logic_ctrl.o              4 268        3      126
    main.o                      440        2       13
    mem.o                       520                12
    memp.o                       92                36
    misc.o                      152
    netconf.o                    16                48
    pbuf.o                      546
    startup_stm32f10x_cl.o      616
    stm32_eth.o                  68                 4
    stm32f107.o               1 444
    stm32f10x_can.o           1 318
    stm32f10x_gpio.o            388
    stm32f10x_it.o              136
    stm32f10x_pwr.o              12
    stm32f10x_rcc.o             440       20       20
    stm32f10x_tim.o             622
    stm32f10x_usart.o           374
    system_stm32f10x.o          408
    tcp_out.o                    14
    -------------------------------------------------
    Total:                   13 134       25    1 277

command line: [2]
    -------------------------------------------------
    Total:

dl7M_tlf.a: [3]
    exit.o                        8
    low_level_init.o              4
    -------------------------------------------------
    Total:                       12

rt7M_tl.a: [4]
    ABImemclr4.o                  6
    ABImemcpy.o                 112
    ABImemset48.o                56
    cexit.o                      10
    cmain.o                      22
    copy_init3.o                 46
    cstartup_M.o                 12
    data_init3.o                 44
    zero_init3.o                 34
    -------------------------------------------------
    Total:                      342

shb_l.a: [5]
    exit.o                       20
    -------------------------------------------------
    Total:                       20

    Gaps                         12                 3
    Linker created                        39    4 096
-----------------------------------------------------
    Grand Total:             13 520       64    5 376


*******************************************************************************
*** ENTRY LIST
***

Entry                      Address   Size  Type      Object
-----                      -------   ----  ----      ------
?main                   0x0800b23d         Code  Gb  cmain.o [4]
ADC1_2_IRQHandler       0x0800b2f9         Code  Wk  startup_stm32f10x_cl.o [1]
ADCPrescTable           0x20000010    0x4  Data  Lc  stm32f10x_rcc.o [1]
APBAHBPrescTable        0x20000000   0x10  Data  Lc  stm32f10x_rcc.o [1]
AddCanSendData2Queue    0x0800927b   0x3e  Code  Gb  can_bus.o [1]
BusFault_Handler        0x0800b117    0x2  Code  Gb  stm32f10x_it.o [1]
CAN1_RX0_IRQHandler     0x0800b163   0x2c  Code  Gb  stm32f10x_it.o [1]
CAN1_RX1_IRQHandler     0x0800b305         Code  Wk  startup_stm32f10x_cl.o [1]
CAN1_SCE_IRQHandler     0x0800b309         Code  Wk  startup_stm32f10x_cl.o [1]
CAN1_TX_IRQHandler      0x0800b2fd         Code  Wk  startup_stm32f10x_cl.o [1]
CAN2_RX0_IRQHandler     0x0800b395         Code  Wk  startup_stm32f10x_cl.o [1]
CAN2_RX1_IRQHandler     0x0800b399         Code  Wk  startup_stm32f10x_cl.o [1]
CAN2_SCE_IRQHandler     0x0800b39d         Code  Wk  startup_stm32f10x_cl.o [1]
CAN2_TX_IRQHandler      0x0800b391         Code  Wk  startup_stm32f10x_cl.o [1]
CAN_ClearITPendingBit   0x08009b99   0x96  Code  Gb  stm32f10x_can.o [1]
CAN_Configuration       0x08009e93   0xaa  Code  Gb  stm32f107.o [1]
CAN_DeInit              0x08009709   0x34  Code  Gb  stm32f10x_can.o [1]
CAN_FIFORelease         0x08009aaf   0x12  Code  Gb  stm32f10x_can.o [1]
CAN_FilterInit          0x0800984d   0xe2  Code  Gb  stm32f10x_can.o [1]
CAN_ITConfig            0x08009979   0x18  Code  Gb  stm32f10x_can.o [1]
CAN_Init                0x0800973d  0x110  Code  Gb  stm32f10x_can.o [1]
CAN_Receive             0x08009ac1   0xd8  Code  Gb  stm32f10x_can.o [1]
CAN_StructInit          0x0800992f   0x2e  Code  Gb  stm32f10x_can.o [1]
CAN_Transmit            0x08009991  0x11e  Code  Gb  stm32f10x_can.o [1]
CSTACK$$Base            0x20000500          --   Gb  - Linker created -
CSTACK$$Limit           0x20001500          --   Gb  - Linker created -
DMA1_Channel1_IRQHandler
                        0x0800b2dd         Code  Wk  startup_stm32f10x_cl.o [1]
DMA1_Channel2_IRQHandler
                        0x0800b2e1         Code  Wk  startup_stm32f10x_cl.o [1]
DMA1_Channel3_IRQHandler
                        0x0800b2e5         Code  Wk  startup_stm32f10x_cl.o [1]
DMA1_Channel4_IRQHandler
                        0x0800b2e9         Code  Wk  startup_stm32f10x_cl.o [1]
DMA1_Channel5_IRQHandler
                        0x0800b2ed         Code  Wk  startup_stm32f10x_cl.o [1]
DMA1_Channel6_IRQHandler
                        0x0800b2f1         Code  Wk  startup_stm32f10x_cl.o [1]
DMA1_Channel7_IRQHandler
                        0x0800b2f5         Code  Wk  startup_stm32f10x_cl.o [1]
DMA2_Channel1_IRQHandler
                        0x0800b375         Code  Wk  startup_stm32f10x_cl.o [1]
DMA2_Channel2_IRQHandler
                        0x0800b379         Code  Wk  startup_stm32f10x_cl.o [1]
DMA2_Channel3_IRQHandler
                        0x0800b37d         Code  Wk  startup_stm32f10x_cl.o [1]
DMA2_Channel4_IRQHandler
                        0x0800b381         Code  Wk  startup_stm32f10x_cl.o [1]
DMA2_Channel5_IRQHandler
                        0x0800b385         Code  Wk  startup_stm32f10x_cl.o [1]
DMARxDescToGet          0x200004e8    0x4  Data  Gb  stm32_eth.o [1]
DebugMon_Handler        0x0800b11d    0x2  Code  Gb  stm32f10x_it.o [1]
ETH_DMAClearITPendingBit
                        0x0800b1d7    0x8  Code  Gb  stm32_eth.o [1]
ETH_GetDMARxDescFrameLength
                        0x0800b1cf    0x8  Code  Gb  stm32_eth.o [1]
ETH_GetRxPktSize        0x0800b1a9   0x26  Code  Gb  stm32_eth.o [1]
ETH_IRQHandler          0x0800b143   0x20  Code  Gb  stm32f10x_it.o [1]
ETH_RxPkt_ChainMode     0x0800b07d   0x88  Code  Gb  ethernetif.o [1]
ETH_WKUP_IRQHandler     0x0800b38d         Code  Wk  startup_stm32f10x_cl.o [1]
EXTI0_IRQHandler        0x0800b2c9         Code  Wk  startup_stm32f10x_cl.o [1]
EXTI15_10_IRQHandler    0x0800b351         Code  Wk  startup_stm32f10x_cl.o [1]
EXTI1_IRQHandler        0x0800b2cd         Code  Wk  startup_stm32f10x_cl.o [1]
EXTI2_IRQHandler        0x0800b2d1         Code  Wk  startup_stm32f10x_cl.o [1]
EXTI3_IRQHandler        0x0800b2d5         Code  Wk  startup_stm32f10x_cl.o [1]
EXTI4_IRQHandler        0x0800b2d9         Code  Wk  startup_stm32f10x_cl.o [1]
EXTI9_5_IRQHandler      0x0800b30d         Code  Wk  startup_stm32f10x_cl.o [1]
Encoder_Init            0x08009f3d   0x96  Code  Gb  stm32f107.o [1]
FLASH_IRQHandler        0x0800b2c1         Code  Wk  startup_stm32f10x_cl.o [1]
GPIO_Configuration      0x0800a035  0x2a6  Code  Gb  stm32f107.o [1]
GPIO_Init               0x080090ad   0xcc  Code  Gb  stm32f10x_gpio.o [1]
GPIO_PinRemapConfig     0x080091bd   0x70  Code  Gb  stm32f10x_gpio.o [1]
GPIO_ReadInputDataBit   0x08009179   0x16  Code  Gb  stm32f10x_gpio.o [1]
GPIO_ReadOutputDataBit  0x0800918f   0x16  Code  Gb  stm32f10x_gpio.o [1]
GPIO_SetBits            0x080091a5    0x6  Code  Gb  stm32f10x_gpio.o [1]
GPIO_WriteBit           0x080091ab   0x12  Code  Gb  stm32f10x_gpio.o [1]
HardFault_Handler       0x0800b113    0x2  Code  Gb  stm32f10x_it.o [1]
I2C1_ER_IRQHandler      0x0800b331         Code  Wk  startup_stm32f10x_cl.o [1]
I2C1_EV_IRQHandler      0x0800b32d         Code  Wk  startup_stm32f10x_cl.o [1]
I2C2_ER_IRQHandler      0x0800b339         Code  Wk  startup_stm32f10x_cl.o [1]
I2C2_EV_IRQHandler      0x0800b335         Code  Wk  startup_stm32f10x_cl.o [1]
InitCanSendQueue        0x08009265   0x16  Code  Gb  can_bus.o [1]
Init_Find_Position_Process
                        0x080086e1  0x1bc  Code  Gb  logic_ctrl.o [1]
InputScanProc           0x08008001  0x6e0  Code  Gb  logic_ctrl.o [1]
LocalTime               0x200004d8    0x4  Data  Gb  main.o [1]
LwIP_Pkt_Handle         0x0800b199    0xa  Code  Gb  netconf.o [1]
MemManage_Handler       0x0800b115    0x2  Code  Gb  stm32f10x_it.o [1]
NMI_Handler             0x0800b111    0x2  Code  Gb  stm32f10x_it.o [1]
NVIC_Configuration      0x0800a31d   0x70  Code  Gb  stm32f107.o [1]
NVIC_Init               0x0800a923   0x66  Code  Gb  misc.o [1]
NVIC_PriorityGroupConfig
                        0x0800a919    0xa  Code  Gb  misc.o [1]
NVIC_SetPriority        0x08009de9   0x26  Code  Lc  stm32f107.o [1]
NVIC_SetVectorTable     0x0800a989    0xc  Code  Gb  misc.o [1]
OTG_FS_IRQHandler       0x0800b3a1         Code  Wk  startup_stm32f10x_cl.o [1]
OTG_FS_WKUP_IRQHandler  0x0800b359         Code  Wk  startup_stm32f10x_cl.o [1]
PVD_IRQHandler          0x0800b2b5         Code  Wk  startup_stm32f10x_cl.o [1]
PWR_BackupAccessCmd     0x0800a90d    0x8  Code  Gb  stm32f10x_pwr.o [1]
PendSV_Handler          0x0800b11f    0x2  Code  Gb  stm32f10x_it.o [1]
RCC_AHBPeriphClockCmd   0x08009d3d   0x20  Code  Gb  stm32f10x_rcc.o [1]
RCC_APB1PeriphClockCmd  0x08009d7d   0x20  Code  Gb  stm32f10x_rcc.o [1]
RCC_APB1PeriphResetCmd  0x08009d9d   0x20  Code  Gb  stm32f10x_rcc.o [1]
RCC_APB2PeriphClockCmd  0x08009d5d   0x20  Code  Gb  stm32f10x_rcc.o [1]
RCC_GetClocksFreq       0x08009c31  0x10c  Code  Gb  stm32f10x_rcc.o [1]
RCC_IRQHandler          0x0800b2c5         Code  Wk  startup_stm32f10x_cl.o [1]
RTCAlarm_IRQHandler     0x0800b355         Code  Wk  startup_stm32f10x_cl.o [1]
RTC_IRQHandler          0x0800b2bd         Code  Wk  startup_stm32f10x_cl.o [1]
Region$$Table$$Base     0x0800b218          --   Gb  - Linker created -
Region$$Table$$Limit    0x0800b23c          --   Gb  - Linker created -
SPI1_IRQHandler         0x0800b33d         Code  Wk  startup_stm32f10x_cl.o [1]
SPI2_IRQHandler         0x0800b341         Code  Wk  startup_stm32f10x_cl.o [1]
SPI3_IRQHandler         0x0800b361         Code  Wk  startup_stm32f10x_cl.o [1]
SVC_Handler             0x0800b11b    0x2  Code  Gb  stm32f10x_it.o [1]
Select_Direction_Run    0x0800889d   0xa6  Code  Gb  logic_ctrl.o [1]
Select_Direction_Stop   0x08008943   0x56  Code  Gb  logic_ctrl.o [1]
SetSysClock             0x0800a7d3    0x8  Code  Lc  system_stm32f10x.o [1]
SetSysClockTo72         0x0800a7db  0x10e  Code  Lc  system_stm32f10x.o [1]
SysTick_Config          0x08009e0f   0x36  Code  Lc  stm32f107.o [1]
SysTick_Handler         0x0800b121    0x8  Code  Gb  stm32f10x_it.o [1]
SystemInit              0x0800a775   0x5e  Code  Gb  system_stm32f10x.o [1]
System_Setup            0x08009fd3   0x62  Code  Gb  stm32f107.o [1]
TAMPER_IRQHandler       0x0800b2b9         Code  Wk  startup_stm32f10x_cl.o [1]
TI1_Config              0x0800a675   0x38  Code  Lc  stm32f10x_tim.o [1]
TI2_Config              0x0800a6ad   0x42  Code  Lc  stm32f10x_tim.o [1]
TI3_Config              0x0800a6ef   0x42  Code  Lc  stm32f10x_tim.o [1]
TI4_Config              0x0800a731   0x42  Code  Lc  stm32f10x_tim.o [1]
TIM1_BRK_IRQHandler     0x0800b311         Code  Wk  startup_stm32f10x_cl.o [1]
TIM1_CC_IRQHandler      0x0800b31d         Code  Wk  startup_stm32f10x_cl.o [1]
TIM1_TRG_COM_IRQHandler
                        0x0800b319         Code  Wk  startup_stm32f10x_cl.o [1]
TIM1_UP_IRQHandler      0x0800b315         Code  Wk  startup_stm32f10x_cl.o [1]
TIM2_IRQHandler         0x0800b321         Code  Wk  startup_stm32f10x_cl.o [1]
TIM3_IRQHandler         0x0800b325         Code  Wk  startup_stm32f10x_cl.o [1]
TIM4_IRQHandler         0x0800b329         Code  Wk  startup_stm32f10x_cl.o [1]
TIM5_IRQHandler         0x0800b35d         Code  Wk  startup_stm32f10x_cl.o [1]
TIM6_IRQHandler         0x0800b36d         Code  Wk  startup_stm32f10x_cl.o [1]
TIM7_IRQHandler         0x0800b371         Code  Wk  startup_stm32f10x_cl.o [1]
TIM_Cmd                 0x0800a5cb   0x1c  Code  Gb  stm32f10x_tim.o [1]
TIM_EncoderInterfaceConfig
                        0x0800a5e7   0x3e  Code  Gb  stm32f10x_tim.o [1]
TIM_ICInit              0x0800a545   0x70  Code  Gb  stm32f10x_tim.o [1]
TIM_ICStructInit        0x0800a5b5   0x16  Code  Gb  stm32f10x_tim.o [1]
TIM_SetCounter          0x0800a625    0x4  Code  Gb  stm32f10x_tim.o [1]
TIM_SetIC1Prescaler     0x0800a629   0x12  Code  Gb  stm32f10x_tim.o [1]
TIM_SetIC2Prescaler     0x0800a63b   0x14  Code  Gb  stm32f10x_tim.o [1]
TIM_SetIC3Prescaler     0x0800a64f   0x12  Code  Gb  stm32f10x_tim.o [1]
TIM_SetIC4Prescaler     0x0800a661   0x14  Code  Gb  stm32f10x_tim.o [1]
TIM_TimeBaseInit        0x0800a505   0x36  Code  Gb  stm32f10x_tim.o [1]
Time_Update             0x0800af37   0x3a  Code  Gb  main.o [1]
UART4_IRQHandler        0x0800b365         Code  Wk  startup_stm32f10x_cl.o [1]
UART5_IRQHandler        0x0800b369         Code  Wk  startup_stm32f10x_cl.o [1]
USART1_IRQHandler       0x0800b129   0x1a  Code  Gb  stm32f10x_it.o [1]
USART2_IRQHandler       0x0800b349         Code  Wk  startup_stm32f10x_cl.o [1]
USART3_IRQHandler       0x0800b34d         Code  Wk  startup_stm32f10x_cl.o [1]
USART_ClearFlag         0x0800a493    0xc  Code  Gb  stm32f10x_usart.o [1]
USART_Cmd               0x0800a425   0x1c  Code  Gb  stm32f10x_usart.o [1]
USART_Configuration     0x08009e45   0x4e  Code  Gb  stm32f107.o [1]
USART_GetITStatus       0x0800a49f   0x64  Code  Gb  stm32f10x_usart.o [1]
USART_ITConfig          0x0800a441   0x52  Code  Gb  stm32f10x_usart.o [1]
USART_Init              0x0800a38d   0x90  Code  Gb  stm32f10x_usart.o [1]
UsageFault_Handler      0x0800b119    0x2  Code  Gb  stm32f10x_it.o [1]
WWDG_IRQHandler         0x0800b2b1         Code  Wk  startup_stm32f10x_cl.o [1]
__aeabi_memclr4         0x08009231         Code  Gb  ABImemclr4.o [4]
__aeabi_memcpy          0x08009669         Code  Gb  ABImemcpy.o [4]
__aeabi_memcpy4         0x08009683         Code  Gb  ABImemcpy.o [4]
__aeabi_memcpy8         0x08009683         Code  Gb  ABImemcpy.o [4]
__aeabi_memset4         0x08009631         Code  Gb  ABImemset48.o [4]
__aeabi_memset8         0x08009631         Code  Gb  ABImemset48.o [4]
__cmain                 0x0800b23d         Code  Gb  cmain.o [4]
__exit                  0x0800b26d   0x14  Code  Gb  exit.o [5]
__iar_Memset4_word      0x08009639         Code  Gb  ABImemset48.o [4]
__iar_Memset8_word      0x08009639         Code  Gb  ABImemset48.o [4]
__iar_copy_init3        0x08009237   0x2e  Code  Gb  copy_init3.o [4]
__iar_data_init3        0x0800b1ed   0x2c  Code  Gb  data_init3.o [4]
__iar_program_start     0x0800b281         Code  Gb  cstartup_M.o [4]
__iar_zero_init3        0x080096e7   0x22  Code  Gb  zero_init3.o [4]
__low_level_init        0x0800b253    0x4  Code  Gb  low_level_init.o [3]
__vector_table          0x08000000         Data  Gb  startup_stm32f10x_cl.o [1]
_call_main              0x0800b249         Code  Gb  cmain.o [4]
_exit                   0x0800b261         Code  Gb  cexit.o [4]
_main                   0x0800b24f         Code  Gb  cmain.o [4]
canSendQueue            0x200004b8    0xc  Data  Gb  can_bus.o [1]
canSendQueueBuff        0x2000001c  0x2bc  Data  Gb  can_bus.o [1]
can_bus_frame_receive   0x0800931f  0x178  Code  Gb  can_bus.o [1]
can_bus_send_msg        0x080094e1   0xdc  Code  Gb  can_bus.o [1]
can_bus_send_one_frame  0x080092b9   0x66  Code  Gb  can_bus.o [1]
can_recv_buff           0x200002d8  0x12c  Data  Gb  can_bus.o [1]
can_recv_len            0x200004ec    0x2  Data  Gb  can_bus.o [1]
can_send_frame_process  0x080095bd   0x46  Code  Gb  can_bus.o [1]
canbus_recv_msg         0x08009497   0x10  Code  Gb  can_bus.o [1]
canbus_recv_start_cmd   0x080094a7   0x3a  Code  Gb  can_bus.o [1]
canrecv_framecnt_rise   0x20000014    0x2  Data  Gb  logic_ctrl.o [1]
ethernetif_input        0x0800b049   0x34  Code  Gb  ethernetif.o [1]
exit                    0x0800b257    0x8  Code  Gb  exit.o [3]
g_SegBytes              0x200004ee    0x2  Data  Gb  can_bus.o [1]
g_SegNum                0x200004f9    0x1  Data  Gb  can_bus.o [1]
g_SegPolo               0x200004f8    0x1  Data  Gb  can_bus.o [1]
g_position_find_flag    0x200004fb    0x1  Data  Gb  logic_ctrl.o [1]
g_position_find_timeout
                        0x200004f0    0x2  Data  Gb  logic_ctrl.o [1]
g_position_set          0x20000018    0x1  Data  Gb  logic_ctrl.o [1]
g_position_status       0x200004fa    0x1  Data  Gb  logic_ctrl.o [1]
heart_dely              0x200004fd    0x1  Data  Gb  main.o [1]
input_in1_0             0x20000498   0x10  Data  Gb  logic_ctrl.o [1]
input_in1_1             0x200004a8   0x10  Data  Gb  logic_ctrl.o [1]
input_in2_0             0x20000458   0x10  Data  Gb  logic_ctrl.o [1]
input_in2_1             0x20000468   0x10  Data  Gb  logic_ctrl.o [1]
input_in2_2             0x20000478   0x10  Data  Gb  logic_ctrl.o [1]
input_in2_3             0x20000488   0x10  Data  Gb  logic_ctrl.o [1]
lfree                   0x200004e4    0x4  Data  Lc  mem.o [1]
local_station           0x200004fe    0x1  Data  Gb  main.o [1]
low_level_input         0x0800aff1   0x58  Code  Lc  ethernetif.o [1]
main                    0x0800af1b   0x1c  Code  Gb  main.o [1]
main_init_msg           0x0800af71    0xe  Code  Gb  main.o [1]
main_onems_flag         0x0800af7f   0x46  Code  Gb  main.o [1]
mem_free                0x0800acc1   0x4a  Code  Gb  mem.o [1]
mem_malloc              0x0800ad0b  0x11e  Code  Gb  mem.o [1]
memcpy                  0x080096d9    0xe  Code  Gb  tcp_out.o [1]
memp_free               0x0800ac05   0x24  Code  Gb  memp.o [1]
memp_malloc             0x0800abd5   0x30  Code  Gb  memp.o [1]
memp_tab                0x20000434   0x24  Data  Lc  memp.o [1]
moto_ctrl_convey_process
                        0x08008b85  0x338  Code  Gb  logic_ctrl.o [1]
moto_roll_test_process  0x08008ebd   0x7e  Code  Gb  logic_ctrl.o [1]
moto_set_run_cmd        0x08008b39   0x40  Code  Gb  logic_ctrl.o [1]
moto_upload_moto_state  0x08008f45  0x124  Code  Gb  logic_ctrl.o [1]
moto_upload_moudle_status
                        0x08008999  0x1a0  Code  Gb  logic_ctrl.o [1]
moudle1_info            0x200004c4    0x8  Data  Gb  logic_ctrl.o [1]
moudle2_info            0x200004cc    0x8  Data  Gb  logic_ctrl.o [1]
moudlerisecmd           0x200004d4    0x4  Data  Gb  logic_ctrl.o [1]
netif                   0x20000404   0x30  Data  Gb  netconf.o [1]
onems_flag              0x200004ff    0x1  Data  Gb  main.o [1]
pbuf_alloc              0x0800a9b1  0x1ac  Code  Gb  pbuf.o [1]
pbuf_free               0x0800ab5d   0x76  Code  Gb  pbuf.o [1]
plug_holes              0x0800ac31   0x90  Code  Lc  mem.o [1]
ram                     0x200004dc    0x4  Data  Lc  mem.o [1]
ram_end                 0x200004e0    0x4  Data  Lc  mem.o [1]
roll_flag               0x200004fc    0x1  Data  Gb  logic_ctrl.o [1]
roll_test               0x200004f2    0x2  Data  Gb  logic_ctrl.o [1]
scan_local_station      0x0800ae39   0xaa  Code  Gb  main.o [1]
sec_flag                0x200004f4    0x2  Data  Gb  main.o [1]
sec_process             0x0800aee3   0x38  Code  Gb  main.o [1]
sec_reg                 0x20000016    0x2  Data  Gb  main.o [1]
send_state_cnt          0x200004f6    0x2  Data  Gb  main.o [1]


[1] = E:\rollerconveyor\rollerconveyerv1.0.0.2\EXP_TRANSFER_LOAD_CTRL_V1.0.0.1\Project\EWARMv5\STM3210C-EVAL\Obj
[2] = command line
[3] = dl7M_tlf.a
[4] = rt7M_tl.a
[5] = shb_l.a

  13 520 bytes of readonly  code memory
      64 bytes of readonly  data memory
   5 376 bytes of readwrite data memory

Errors: none
Warnings: none
